
==== PSC-Omni-Real run scale=1500 aug=1 order=8 Tue Jun  9 20:03:53 2026 ====
MNIST loaded n=1500  (1s)
FSDD real speech: train=2700 test=300  (5s)
codecs fit (vision 256, audio 256)  (5s)
concepts fit  (6s)
  built corpus 0/1500 seqs=6  (6s)
corpus: 9000 sequences  (6s)
OMNI MODEL FIT on 9000 seqs, states=322674  (7s)

=== RESULTS (no backprop) ===
  REAL spoken-digit -> text (held-out FSDD, 300 clips): 49.7%
  wrote outputs/omni_real/text2image.png, spoken2image.png
==== DONE in 7s ====

==== PSC-Omni-Real run scale=35000 aug=2 order=8 Tue Jun  9 20:04:45 2026 ====
MNIST loaded n=35000  (2s)
FSDD real speech: train=2700 test=300  (6s)
codecs fit (vision 256, audio 256)  (7s)
concepts fit  (18s)
  built corpus 0/35000 seqs=9  (18s)
  built corpus 5000/35000 seqs=45009  (19s)
  built corpus 10000/35000 seqs=90009  (20s)
  built corpus 15000/35000 seqs=135009  (21s)
  built corpus 20000/35000 seqs=180009  (21s)
  built corpus 25000/35000 seqs=225009  (22s)
  built corpus 30000/35000 seqs=270009  (23s)
corpus: 315000 sequences  (24s)
OMNI MODEL FIT on 315000 seqs, states=3943515  (73s)

=== RESULTS (no backprop) ===
  REAL spoken-digit -> text (held-out FSDD, 300 clips): 50.0%
  wrote outputs/omni_real/text2image.png, spoken2image.png
==== DONE in 73s ====
